#! /c/Source/iverilog-install/bin/vvp
:ivl_version "12.0 (devel)" "(s20150603-1539-g2693dd32b)";
:ivl_delay_selection "TYPICAL";
:vpi_time_precision - 12;
:vpi_module "C:\iverilog\lib\ivl\system.vpi";
:vpi_module "C:\iverilog\lib\ivl\vhdl_sys.vpi";
:vpi_module "C:\iverilog\lib\ivl\vhdl_textio.vpi";
:vpi_module "C:\iverilog\lib\ivl\v2005_math.vpi";
:vpi_module "C:\iverilog\lib\ivl\va_math.vpi";
S_000001f54ddfb420 .scope module, "tb_fsm_traffic" "tb_fsm_traffic" 2 3;
 .timescale -9 -12;
v000001f54ddfd370_0 .var "clk", 0 0;
v000001f54ddfd410_0 .net "light", 1 0, v000001f54dd033c0_0;  1 drivers
v000001f54ddfd4b0_0 .var "rst_n", 0 0;
S_000001f54ddfd1e0 .scope module, "uut" "fsm_traffic" 2 9, 3 1 0, S_000001f54ddfb420;
 .timescale 0 0;
    .port_info 0 /INPUT 1 "clk";
    .port_info 1 /INPUT 1 "rst_n";
    .port_info 2 /OUTPUT 2 "light";
P_000001f54ddfb200 .param/l "GREEN" 0 3 9, C4<01>;
P_000001f54ddfb238 .param/l "RED" 0 3 8, C4<00>;
P_000001f54ddfb270 .param/l "YELLOW" 0 3 10, C4<10>;
v000001f54dd03640_0 .net "clk", 0 0, v000001f54ddfd370_0;  1 drivers
v000001f54dd03860_0 .var "current_state", 1 0;
v000001f54dd033c0_0 .var "light", 1 0;
v000001f54ddfb5b0_0 .var "next_state", 1 0;
v000001f54ddfb650_0 .net "rst_n", 0 0, v000001f54ddfd4b0_0;  1 drivers
E_000001f54dd256c0 .event anyedge, v000001f54dd03860_0;
E_000001f54dd24e40/0 .event negedge, v000001f54ddfb650_0;
E_000001f54dd24e40/1 .event posedge, v000001f54dd03640_0;
E_000001f54dd24e40 .event/or E_000001f54dd24e40/0, E_000001f54dd24e40/1;
    .scope S_000001f54ddfd1e0;
T_0 ;
    %wait E_000001f54dd24e40;
    %load/vec4 v000001f54ddfb650_0;
    %nor/r;
    %flag_set/vec4 8;
    %jmp/0xz  T_0.0, 8;
    %pushi/vec4 0, 0, 2;
    %assign/vec4 v000001f54dd03860_0, 0;
    %jmp T_0.1;
T_0.0 ;
    %load/vec4 v000001f54ddfb5b0_0;
    %assign/vec4 v000001f54dd03860_0, 0;
T_0.1 ;
    %jmp T_0;
    .thread T_0;
    .scope S_000001f54ddfd1e0;
T_1 ;
    %wait E_000001f54dd256c0;
    %load/vec4 v000001f54dd03860_0;
    %dup/vec4;
    %pushi/vec4 0, 0, 2;
    %cmp/u;
    %jmp/1 T_1.0, 6;
    %dup/vec4;
    %pushi/vec4 1, 0, 2;
    %cmp/u;
    %jmp/1 T_1.1, 6;
    %dup/vec4;
    %pushi/vec4 2, 0, 2;
    %cmp/u;
    %jmp/1 T_1.2, 6;
    %pushi/vec4 0, 0, 2;
    %store/vec4 v000001f54ddfb5b0_0, 0, 2;
    %jmp T_1.4;
T_1.0 ;
    %pushi/vec4 1, 0, 2;
    %store/vec4 v000001f54ddfb5b0_0, 0, 2;
    %jmp T_1.4;
T_1.1 ;
    %pushi/vec4 2, 0, 2;
    %store/vec4 v000001f54ddfb5b0_0, 0, 2;
    %jmp T_1.4;
T_1.2 ;
    %pushi/vec4 0, 0, 2;
    %store/vec4 v000001f54ddfb5b0_0, 0, 2;
    %jmp T_1.4;
T_1.4 ;
    %pop/vec4 1;
    %jmp T_1;
    .thread T_1, $push;
    .scope S_000001f54ddfd1e0;
T_2 ;
    %wait E_000001f54dd256c0;
    %load/vec4 v000001f54dd03860_0;
    %store/vec4 v000001f54dd033c0_0, 0, 2;
    %jmp T_2;
    .thread T_2, $push;
    .scope S_000001f54ddfb420;
T_3 ;
    %delay 5000, 0;
    %load/vec4 v000001f54ddfd370_0;
    %inv;
    %store/vec4 v000001f54ddfd370_0, 0, 1;
    %jmp T_3;
    .thread T_3;
    .scope S_000001f54ddfb420;
T_4 ;
    %vpi_call 2 19 "$dumpfile", "wave.vcd" {0 0 0};
    %vpi_call 2 20 "$dumpvars", 32'sb00000000000000000000000000000000, S_000001f54ddfb420 {0 0 0};
    %pushi/vec4 0, 0, 1;
    %store/vec4 v000001f54ddfd370_0, 0, 1;
    %pushi/vec4 0, 0, 1;
    %store/vec4 v000001f54ddfd4b0_0, 0, 1;
    %delay 15000, 0;
    %pushi/vec4 1, 0, 1;
    %store/vec4 v000001f54ddfd4b0_0, 0, 1;
    %delay 150000, 0;
    %vpi_call 2 26 "$finish" {0 0 0};
    %end;
    .thread T_4;
# The file index is used to find the file name in the following table.
:file_names 4;
    "N/A";
    "<interactive>";
    "tb_fsm_traffic.v";
    "fsm_traffic.v";
